apiVersion: operator.openshift.io/v1
kind: DNS
metadata:
  annotations: {}
  labels:
    name: default
  name: default
  namespace: default
spec:
  logLevel: Normal
  nodePlacement:
    tolerations:
      - operator: Exists
  operatorLogLevel: Normal
  upstreamResolvers:
    policy: Sequential
    upstreams:
      - port: 53
        type: SystemResolvConf
